c:\users\пользователь\downloads\dllinjection\dllinjectionlinkedin\targetprocess\x64\debug\vc143.pdb
c:\users\пользователь\downloads\dllinjection\dllinjectionlinkedin\targetprocess\x64\debug\vc143.idb
c:\users\пользователь\downloads\dllinjection\dllinjectionlinkedin\targetprocess\x64\debug\source.obj
c:\users\пользователь\downloads\dllinjection\dllinjectionlinkedin\x64\debug\targetprocess.exe
c:\users\пользователь\downloads\dllinjection\dllinjectionlinkedin\x64\debug\targetprocess.pdb
c:\users\пользователь\downloads\dllinjection\dllinjectionlinkedin\targetprocess\x64\debug\targetprocess.ilk
c:\users\shokhruz\desktop\lab3_rszi-dev\3lab_rcz\targetprocess\x64\debug\source.obj
c:\users\shokhruz\desktop\lab3_rszi-dev\3lab_rcz\targetprocess\x64\debug\targetprocess.ilk
c:\users\shokhruz\desktop\lab3_rszi-dev\3lab_rcz\targetprocess\x64\debug\vc143.idb
c:\users\shokhruz\desktop\lab3_rszi-dev\3lab_rcz\targetprocess\x64\debug\vc143.pdb
c:\users\shokhruz\desktop\lab3_rszi-dev\3lab_rcz\x64\debug\targetprocess.pdb
c:\users\shokhruz\desktop\lab3_rszi-dev\3lab_rcz\x64\debug\targetprocess.exe
c:\users\shokhruz\desktop\lab3_rszi-dev\3lab_rcz\targetprocess\x64\debug\targetprocess.tlog\cl.command.1.tlog
c:\users\shokhruz\desktop\lab3_rszi-dev\3lab_rcz\targetprocess\x64\debug\targetprocess.tlog\cl.items.tlog
c:\users\shokhruz\desktop\lab3_rszi-dev\3lab_rcz\targetprocess\x64\debug\targetprocess.tlog\cl.read.1.tlog
c:\users\shokhruz\desktop\lab3_rszi-dev\3lab_rcz\targetprocess\x64\debug\targetprocess.tlog\cl.write.1.tlog
c:\users\shokhruz\desktop\lab3_rszi-dev\3lab_rcz\targetprocess\x64\debug\targetprocess.tlog\link.command.1.tlog
c:\users\shokhruz\desktop\lab3_rszi-dev\3lab_rcz\targetprocess\x64\debug\targetprocess.tlog\link.read.1.tlog
c:\users\shokhruz\desktop\lab3_rszi-dev\3lab_rcz\targetprocess\x64\debug\targetprocess.tlog\link.secondary.1.tlog
c:\users\shokhruz\desktop\lab3_rszi-dev\3lab_rcz\targetprocess\x64\debug\targetprocess.tlog\link.write.1.tlog
