c:\users\пользователь\downloads\dllinjection\dllinjectionlinkedin\dllinjectorasprocess\x64\debug\vc143.pdb
c:\users\пользователь\downloads\dllinjection\dllinjectionlinkedin\dllinjectorasprocess\x64\debug\vc143.idb
c:\users\пользователь\downloads\dllinjection\dllinjectionlinkedin\dllinjectorasprocess\x64\debug\source.obj
c:\users\пользователь\downloads\dllinjection\dllinjectionlinkedin\x64\debug\dllinjectorasprocess.exe
c:\users\пользователь\downloads\dllinjection\dllinjectionlinkedin\x64\debug\dllinjectorasprocess.pdb
c:\users\пользователь\downloads\dllinjection\dllinjectionlinkedin\dllinjectorasprocess\x64\debug\dllinjectorasprocess.ilk
c:\users\shokhruz\desktop\lab3_rszi-dev\3lab_rcz\dllinjectorasprocess\x64\debug\source.obj
c:\users\shokhruz\desktop\lab3_rszi-dev\3lab_rcz\dllinjectorasprocess\x64\debug\dllinjectorasprocess.ilk
c:\users\shokhruz\desktop\lab3_rszi-dev\3lab_rcz\dllinjectorasprocess\x64\debug\vc143.idb
c:\users\shokhruz\desktop\lab3_rszi-dev\3lab_rcz\dllinjectorasprocess\x64\debug\vc143.pdb
c:\users\shokhruz\desktop\lab3_rszi-dev\3lab_rcz\x64\debug\dllinjectorasprocess.pdb
c:\users\shokhruz\desktop\lab3_rszi-dev\3lab_rcz\x64\debug\dllinjectorasprocess.exe
c:\users\shokhruz\desktop\lab3_rszi-dev\3lab_rcz\dllinjectorasprocess\x64\debug\dllinjec.1faeebb0.tlog\cl.command.1.tlog
c:\users\shokhruz\desktop\lab3_rszi-dev\3lab_rcz\dllinjectorasprocess\x64\debug\dllinjec.1faeebb0.tlog\cl.items.tlog
c:\users\shokhruz\desktop\lab3_rszi-dev\3lab_rcz\dllinjectorasprocess\x64\debug\dllinjec.1faeebb0.tlog\cl.read.1.tlog
c:\users\shokhruz\desktop\lab3_rszi-dev\3lab_rcz\dllinjectorasprocess\x64\debug\dllinjec.1faeebb0.tlog\cl.write.1.tlog
c:\users\shokhruz\desktop\lab3_rszi-dev\3lab_rcz\dllinjectorasprocess\x64\debug\dllinjec.1faeebb0.tlog\link.command.1.tlog
c:\users\shokhruz\desktop\lab3_rszi-dev\3lab_rcz\dllinjectorasprocess\x64\debug\dllinjec.1faeebb0.tlog\link.read.1.tlog
c:\users\shokhruz\desktop\lab3_rszi-dev\3lab_rcz\dllinjectorasprocess\x64\debug\dllinjec.1faeebb0.tlog\link.secondary.1.tlog
c:\users\shokhruz\desktop\lab3_rszi-dev\3lab_rcz\dllinjectorasprocess\x64\debug\dllinjec.1faeebb0.tlog\link.write.1.tlog
