c:\users\пользователь\downloads\dllinjection\dllinjectionlinkedin\dllinjectorasdll\x64\debug\vc143.pdb
c:\users\пользователь\downloads\dllinjection\dllinjectionlinkedin\dllinjectorasdll\x64\debug\vc143.idb
c:\users\пользователь\downloads\dllinjection\dllinjectionlinkedin\dllinjectorasdll\x64\debug\source.obj
c:\users\пользователь\downloads\dllinjection\dllinjectionlinkedin\x64\debug\dllinjectorasdll.dll
c:\users\пользователь\downloads\dllinjection\dllinjectionlinkedin\x64\debug\dllinjectorasdll.pdb
c:\users\пользователь\downloads\dllinjection\dllinjectionlinkedin\x64\debug\dllinjectorasdll.lib
c:\users\пользователь\downloads\dllinjection\dllinjectionlinkedin\x64\debug\dllinjectorasdll.exp
c:\users\пользователь\downloads\dllinjection\dllinjectionlinkedin\dllinjectorasdll\x64\debug\dllinjectorasdll.ilk
c:\users\shokhruz\desktop\lab3_rszi-dev\3lab_rcz\dllinjectorasdll\x64\debug\source.obj
c:\users\shokhruz\desktop\lab3_rszi-dev\3lab_rcz\dllinjectorasdll\x64\debug\dllinjectorasdll.ilk
c:\users\shokhruz\desktop\lab3_rszi-dev\3lab_rcz\dllinjectorasdll\x64\debug\vc143.idb
c:\users\shokhruz\desktop\lab3_rszi-dev\3lab_rcz\dllinjectorasdll\x64\debug\vc143.pdb
c:\users\shokhruz\desktop\lab3_rszi-dev\3lab_rcz\x64\debug\dllinjectorasdll.pdb
c:\users\shokhruz\desktop\lab3_rszi-dev\3lab_rcz\x64\debug\dllinjectorasdll.dll
c:\users\shokhruz\desktop\lab3_rszi-dev\3lab_rcz\dllinjectorasdll\x64\debug\dllinjectorasdll.tlog\cl.command.1.tlog
c:\users\shokhruz\desktop\lab3_rszi-dev\3lab_rcz\dllinjectorasdll\x64\debug\dllinjectorasdll.tlog\cl.items.tlog
c:\users\shokhruz\desktop\lab3_rszi-dev\3lab_rcz\dllinjectorasdll\x64\debug\dllinjectorasdll.tlog\cl.read.1.tlog
c:\users\shokhruz\desktop\lab3_rszi-dev\3lab_rcz\dllinjectorasdll\x64\debug\dllinjectorasdll.tlog\cl.write.1.tlog
c:\users\shokhruz\desktop\lab3_rszi-dev\3lab_rcz\dllinjectorasdll\x64\debug\dllinjectorasdll.tlog\link.command.1.tlog
c:\users\shokhruz\desktop\lab3_rszi-dev\3lab_rcz\dllinjectorasdll\x64\debug\dllinjectorasdll.tlog\link.read.1.tlog
c:\users\shokhruz\desktop\lab3_rszi-dev\3lab_rcz\dllinjectorasdll\x64\debug\dllinjectorasdll.tlog\link.secondary.1.tlog
c:\users\shokhruz\desktop\lab3_rszi-dev\3lab_rcz\dllinjectorasdll\x64\debug\dllinjectorasdll.tlog\link.write.1.tlog
