c:\users\пользователь\downloads\dllinjection\dllinjectionlinkedin\dllloader\x64\debug\vc143.pdb
c:\users\пользователь\downloads\dllinjection\dllinjectionlinkedin\dllloader\x64\debug\vc143.idb
c:\users\пользователь\downloads\dllinjection\dllinjectionlinkedin\dllloader\x64\debug\source.obj
c:\users\пользователь\downloads\dllinjection\dllinjectionlinkedin\x64\debug\dllloader.exe
c:\users\пользователь\downloads\dllinjection\dllinjectionlinkedin\x64\debug\dllloader.pdb
c:\users\пользователь\downloads\dllinjection\dllinjectionlinkedin\dllloader\x64\debug\dllloader.ilk
c:\users\shokhruz\desktop\lab3_rszi-dev\3lab_rcz\dllloader\x64\debug\source.obj
c:\users\shokhruz\desktop\lab3_rszi-dev\3lab_rcz\dllloader\x64\debug\dllloader.ilk
c:\users\shokhruz\desktop\lab3_rszi-dev\3lab_rcz\dllloader\x64\debug\vc143.idb
c:\users\shokhruz\desktop\lab3_rszi-dev\3lab_rcz\dllloader\x64\debug\vc143.pdb
c:\users\shokhruz\desktop\lab3_rszi-dev\3lab_rcz\x64\debug\dllloader.pdb
c:\users\shokhruz\desktop\lab3_rszi-dev\3lab_rcz\x64\debug\dllloader.exe
c:\users\shokhruz\desktop\lab3_rszi-dev\3lab_rcz\dllloader\x64\debug\dllloader.tlog\cl.command.1.tlog
c:\users\shokhruz\desktop\lab3_rszi-dev\3lab_rcz\dllloader\x64\debug\dllloader.tlog\cl.items.tlog
c:\users\shokhruz\desktop\lab3_rszi-dev\3lab_rcz\dllloader\x64\debug\dllloader.tlog\cl.read.1.tlog
c:\users\shokhruz\desktop\lab3_rszi-dev\3lab_rcz\dllloader\x64\debug\dllloader.tlog\cl.write.1.tlog
c:\users\shokhruz\desktop\lab3_rszi-dev\3lab_rcz\dllloader\x64\debug\dllloader.tlog\link.command.1.tlog
c:\users\shokhruz\desktop\lab3_rszi-dev\3lab_rcz\dllloader\x64\debug\dllloader.tlog\link.read.1.tlog
c:\users\shokhruz\desktop\lab3_rszi-dev\3lab_rcz\dllloader\x64\debug\dllloader.tlog\link.secondary.1.tlog
c:\users\shokhruz\desktop\lab3_rszi-dev\3lab_rcz\dllloader\x64\debug\dllloader.tlog\link.write.1.tlog
