c:\users\пользователь\downloads\dllinjection\dllinjectionlinkedin\virusdll\x64\debug\vc143.pdb
c:\users\пользователь\downloads\dllinjection\dllinjectionlinkedin\virusdll\x64\debug\vc143.idb
c:\users\пользователь\downloads\dllinjection\dllinjectionlinkedin\virusdll\x64\debug\source.obj
c:\users\пользователь\downloads\dllinjection\dllinjectionlinkedin\x64\debug\virusdll.dll
c:\users\пользователь\downloads\dllinjection\dllinjectionlinkedin\x64\debug\virusdll.pdb
c:\users\пользователь\downloads\dllinjection\dllinjectionlinkedin\virusdll\x64\debug\virusdll.ilk
c:\users\shokhruz\desktop\lab3_rszi-dev\3lab_rcz\virusdll\x64\debug\source.obj
c:\users\shokhruz\desktop\lab3_rszi-dev\3lab_rcz\virusdll\x64\debug\virusdll.ilk
c:\users\shokhruz\desktop\lab3_rszi-dev\3lab_rcz\virusdll\x64\debug\vc143.idb
c:\users\shokhruz\desktop\lab3_rszi-dev\3lab_rcz\virusdll\x64\debug\vc143.pdb
c:\users\shokhruz\desktop\lab3_rszi-dev\3lab_rcz\x64\debug\virusdll.pdb
c:\users\shokhruz\desktop\lab3_rszi-dev\3lab_rcz\x64\debug\virusdll.dll
c:\users\shokhruz\desktop\lab3_rszi-dev\3lab_rcz\virusdll\x64\debug\virusdll.tlog\cl.command.1.tlog
c:\users\shokhruz\desktop\lab3_rszi-dev\3lab_rcz\virusdll\x64\debug\virusdll.tlog\cl.items.tlog
c:\users\shokhruz\desktop\lab3_rszi-dev\3lab_rcz\virusdll\x64\debug\virusdll.tlog\cl.read.1.tlog
c:\users\shokhruz\desktop\lab3_rszi-dev\3lab_rcz\virusdll\x64\debug\virusdll.tlog\cl.write.1.tlog
c:\users\shokhruz\desktop\lab3_rszi-dev\3lab_rcz\virusdll\x64\debug\virusdll.tlog\link.command.1.tlog
c:\users\shokhruz\desktop\lab3_rszi-dev\3lab_rcz\virusdll\x64\debug\virusdll.tlog\link.read.1.tlog
c:\users\shokhruz\desktop\lab3_rszi-dev\3lab_rcz\virusdll\x64\debug\virusdll.tlog\link.secondary.1.tlog
c:\users\shokhruz\desktop\lab3_rszi-dev\3lab_rcz\virusdll\x64\debug\virusdll.tlog\link.write.1.tlog
